This is XeTeX, Version 3.141592653-2.6-0.999996 (TeX Live 2024) (preloaded format=xelatex)
 restricted \write18 enabled.
entering extended mode
(./review.tex
LaTeX2e <2023-11-01> patch level 1
L3 programming layer <2024-02-20>
(./buaascseproposal.cls
Document Class: buaascseproposal The LaTeX template for thesis proposal of SCSE
, BUAA
Document Class `buaascseproposal' v0.1 by ZKL (2022/07/01)
(e:/softwear/Texlive/texlive/2024/texmf-dist/tex/latex/ctex/ctexart.cls
(e:/softwear/Texlive/texlive/2024/texmf-dist/tex/latex/ctex/config/ctexbackend.
cfg) (e:/softwear/Texlive/texlive/2024/texmf-dist/tex/latex/l3kernel/expl3.sty
(e:/softwear/Texlive/texlive/2024/texmf-dist/tex/latex/l3backend/l3backend-xete
x.def))
Document Class: ctexart 2022/07/14 v2.5.10 Chinese adapter for class article (C
TEX)
(e:/softwear/Texlive/texlive/2024/texmf-dist/tex/latex/ctex/ctexhook.sty)
(e:/softwear/Texlive/texlive/2024/texmf-dist/tex/latex/ctex/ctexpatch.sty)
(e:/softwear/Texlive/texlive/2024/texmf-dist/tex/latex/base/fix-cm.sty
(e:/softwear/Texlive/texlive/2024/texmf-dist/tex/latex/base/ts1enc.def))
(e:/softwear/Texlive/texlive/2024/texmf-dist/tex/latex/ctex/config/ctexopts.cfg
) (e:/softwear/Texlive/texlive/2024/texmf-dist/tex/latex/base/article.cls
Document Class: article 2023/05/17 v1.4n Standard LaTeX document class
(e:/softwear/Texlive/texlive/2024/texmf-dist/tex/latex/base/size12.clo))
(e:/softwear/Texlive/texlive/2024/texmf-dist/tex/latex/ctex/engine/ctex-engine-
xetex.def
(e:/softwear/Texlive/texlive/2024/texmf-dist/tex/xelatex/xecjk/xeCJK.sty
(e:/softwear/Texlive/texlive/2024/texmf-dist/tex/latex/l3packages/xtemplate/xte
mplate.sty
(e:/softwear/Texlive/texlive/2024/texmf-dist/tex/latex/l3packages/xtemplate/xte
mplate-2023-10-10.sty))
(e:/softwear/Texlive/texlive/2024/texmf-dist/tex/latex/fontspec/fontspec.sty
(e:/softwear/Texlive/texlive/2024/texmf-dist/tex/latex/l3packages/xparse/xparse
.sty)
(e:/softwear/Texlive/texlive/2024/texmf-dist/tex/latex/fontspec/fontspec-xetex.
sty (e:/softwear/Texlive/texlive/2024/texmf-dist/tex/latex/base/fontenc.sty)
(e:/softwear/Texlive/texlive/2024/texmf-dist/tex/latex/fontspec/fontspec.cfg)))
(e:/softwear/Texlive/texlive/2024/texmf-dist/tex/xelatex/xecjk/xeCJK.cfg)))
(e:/softwear/Texlive/texlive/2024/texmf-dist/tex/latex/zhnumber/zhnumber.sty
(e:/softwear/Texlive/texlive/2024/texmf-dist/tex/latex/zhnumber/zhnumber-utf8.c
fg))
(e:/softwear/Texlive/texlive/2024/texmf-dist/tex/latex/ctex/scheme/ctex-scheme-
chinese-article.def
(e:/softwear/Texlive/texlive/2024/texmf-dist/tex/latex/ctex/config/ctex-name-ut
f8.cfg))
(e:/softwear/Texlive/texlive/2024/texmf-dist/tex/latex/ctex/ctex-cs4size.clo)
(e:/softwear/Texlive/texlive/2024/texmf-dist/tex/latex/ctex/fontset/ctex-fontse
t-windows.def))
(e:/softwear/Texlive/texlive/2024/texmf-dist/tex/latex/ctex/config/ctex.cfg)
(e:/softwear/Texlive/texlive/2024/texmf-dist/tex/latex/base/ifthen.sty)
(e:/softwear/Texlive/texlive/2024/texmf-dist/tex/latex/amsmath/amsmath.sty
For additional information on amsmath, use the `?' option.
(e:/softwear/Texlive/texlive/2024/texmf-dist/tex/latex/amsmath/amstext.sty
(e:/softwear/Texlive/texlive/2024/texmf-dist/tex/latex/amsmath/amsgen.sty))
(e:/softwear/Texlive/texlive/2024/texmf-dist/tex/latex/amsmath/amsbsy.sty)
(e:/softwear/Texlive/texlive/2024/texmf-dist/tex/latex/amsmath/amsopn.sty))
(e:/softwear/Texlive/texlive/2024/texmf-dist/tex/latex/amsfonts/amssymb.sty
(e:/softwear/Texlive/texlive/2024/texmf-dist/tex/latex/amsfonts/amsfonts.sty))
(e:/softwear/Texlive/texlive/2024/texmf-dist/tex/latex/jknapltx/mathrsfs.sty)
(e:/softwear/Texlive/texlive/2024/texmf-dist/tex/latex/tools/bm.sty)
(e:/softwear/Texlive/texlive/2024/texmf-dist/tex/latex/ntheorem/ntheorem.sty
Style `ntheorem', Version 1.33 <2011/08/15>
)
(e:/softwear/Texlive/texlive/2024/texmf-dist/tex/latex/anyfontsize/anyfontsize.
sty)

Package xeCJK Warning: Redefining CJKfamily `\CJKrmdefault' (SimSun(0)).

(e:/softwear/Texlive/texlive/2024/texmf-dist/tex/latex/graphics/color.sty
(e:/softwear/Texlive/texlive/2024/texmf-dist/tex/latex/graphics-cfg/color.cfg)
(e:/softwear/Texlive/texlive/2024/texmf-dist/tex/latex/graphics-def/xetex.def)
(e:/softwear/Texlive/texlive/2024/texmf-dist/tex/latex/graphics/mathcolor.ltx))
(e:/softwear/Texlive/texlive/2024/texmf-dist/tex/latex/geometry/geometry.sty
(e:/softwear/Texlive/texlive/2024/texmf-dist/tex/latex/graphics/keyval.sty)
(e:/softwear/Texlive/texlive/2024/texmf-dist/tex/generic/iftex/ifvtex.sty
(e:/softwear/Texlive/texlive/2024/texmf-dist/tex/generic/iftex/iftex.sty)))
(e:/softwear/Texlive/texlive/2024/texmf-dist/tex/latex/fancyhdr/fancyhdr.sty)
(e:/softwear/Texlive/texlive/2024/texmf-dist/tex/latex/booktabs/booktabs.sty)
(e:/softwear/Texlive/texlive/2024/texmf-dist/tex/latex/titling/titling.sty)
(e:/softwear/Texlive/texlive/2024/texmf-dist/tex/latex/hyperref/hyperref.sty
(e:/softwear/Texlive/texlive/2024/texmf-dist/tex/latex/kvsetkeys/kvsetkeys.sty)

(e:/softwear/Texlive/texlive/2024/texmf-dist/tex/generic/kvdefinekeys/kvdefinek
eys.sty)
(e:/softwear/Texlive/texlive/2024/texmf-dist/tex/generic/pdfescape/pdfescape.st
y (e:/softwear/Texlive/texlive/2024/texmf-dist/tex/generic/ltxcmds/ltxcmds.sty)

(e:/softwear/Texlive/texlive/2024/texmf-dist/tex/generic/pdftexcmds/pdftexcmds.
sty
(e:/softwear/Texlive/texlive/2024/texmf-dist/tex/generic/infwarerr/infwarerr.st
y))) (e:/softwear/Texlive/texlive/2024/texmf-dist/tex/latex/hycolor/hycolor.sty
) (e:/softwear/Texlive/texlive/2024/texmf-dist/tex/latex/auxhook/auxhook.sty)
(e:/softwear/Texlive/texlive/2024/texmf-dist/tex/latex/hyperref/nameref.sty
(e:/softwear/Texlive/texlive/2024/texmf-dist/tex/latex/refcount/refcount.sty)
(e:/softwear/Texlive/texlive/2024/texmf-dist/tex/generic/gettitlestring/gettitl
estring.sty
(e:/softwear/Texlive/texlive/2024/texmf-dist/tex/latex/kvoptions/kvoptions.sty)
)) (e:/softwear/Texlive/texlive/2024/texmf-dist/tex/latex/etoolbox/etoolbox.sty
) (e:/softwear/Texlive/texlive/2024/texmf-dist/tex/latex/hyperref/pd1enc.def)
(e:/softwear/Texlive/texlive/2024/texmf-dist/tex/generic/intcalc/intcalc.sty)
(e:/softwear/Texlive/texlive/2024/texmf-dist/tex/latex/hyperref/puenc.def)
(e:/softwear/Texlive/texlive/2024/texmf-dist/tex/latex/url/url.sty)
(e:/softwear/Texlive/texlive/2024/texmf-dist/tex/generic/bitset/bitset.sty
(e:/softwear/Texlive/texlive/2024/texmf-dist/tex/generic/bigintcalc/bigintcalc.
sty))
(e:/softwear/Texlive/texlive/2024/texmf-dist/tex/latex/base/atbegshi-ltx.sty))
(e:/softwear/Texlive/texlive/2024/texmf-dist/tex/latex/hyperref/hxetex.def
(e:/softwear/Texlive/texlive/2024/texmf-dist/tex/generic/stringenc/stringenc.st
y)
(e:/softwear/Texlive/texlive/2024/texmf-dist/tex/latex/rerunfilecheck/rerunfile
check.sty
(e:/softwear/Texlive/texlive/2024/texmf-dist/tex/latex/base/atveryend-ltx.sty)
(e:/softwear/Texlive/texlive/2024/texmf-dist/tex/generic/uniquecounter/uniqueco
unter.sty)))
(e:/softwear/Texlive/texlive/2024/texmf-dist/tex/latex/bookmark/bookmark.sty
(e:/softwear/Texlive/texlive/2024/texmf-dist/tex/latex/bookmark/bkm-dvipdfm.def
)) (e:/softwear/Texlive/texlive/2024/texmf-dist/tex/latex/natbib/natbib.sty)
(./gbt7714.sty)
(e:/softwear/Texlive/texlive/2024/texmf-dist/tex/latex/cleveref/cleveref.sty)
(e:/softwear/Texlive/texlive/2024/texmf-dist/tex/latex/titlesec/titletoc.sty)
(e:/softwear/Texlive/texlive/2024/texmf-dist/tex/latex/graphics/graphicx.sty
(e:/softwear/Texlive/texlive/2024/texmf-dist/tex/latex/graphics/graphics.sty
(e:/softwear/Texlive/texlive/2024/texmf-dist/tex/latex/graphics/trig.sty)
(e:/softwear/Texlive/texlive/2024/texmf-dist/tex/latex/graphics-cfg/graphics.cf
g))) (e:/softwear/Texlive/texlive/2024/texmf-dist/tex/latex/psnfss/pifont.sty
(e:/softwear/Texlive/texlive/2024/texmf-dist/tex/latex/psnfss/upzd.fd)
(e:/softwear/Texlive/texlive/2024/texmf-dist/tex/latex/psnfss/upsy.fd))
(e:/softwear/Texlive/texlive/2024/texmf-dist/tex/latex/overpic/overpic.sty
(e:/softwear/Texlive/texlive/2024/texmf-dist/tex/latex/eepic/epic.sty
Enhancements to Picture Environment. Version 1.2 - Released June 1, 1986
))
(e:/softwear/Texlive/texlive/2024/texmf-dist/tex/latex/subfigure/subfigure.sty
****************************************
* Local config file subfigure.cfg used *
****************************************
(e:/softwear/Texlive/texlive/2024/texmf-dist/tex/latex/subfigure/subfigure.cfg)
) (e:/softwear/Texlive/texlive/2024/texmf-dist/tex/latex/caption/caption.sty
(e:/softwear/Texlive/texlive/2024/texmf-dist/tex/latex/caption/caption3.sty))
(e:/softwear/Texlive/texlive/2024/texmf-dist/tex/latex/makecell/makecell.sty
(e:/softwear/Texlive/texlive/2024/texmf-dist/tex/latex/tools/array.sty))
(e:/softwear/Texlive/texlive/2024/texmf-dist/tex/latex/colortbl/colortbl.sty)
(e:/softwear/Texlive/texlive/2024/texmf-dist/tex/latex/tools/enumerate.sty)
(e:/softwear/Texlive/texlive/2024/texmf-dist/tex/generic/ulem/ulem.sty)
(e:/softwear/Texlive/texlive/2024/texmf-dist/tex/latex/tools/longtable.sty)
(e:/softwear/Texlive/texlive/2024/texmf-dist/tex/latex/multirow/multirow.sty)
(e:/softwear/Texlive/texlive/2024/texmf-dist/tex/latex/tools/tabularx.sty)
(e:/softwear/Texlive/texlive/2024/texmf-dist/tex/latex/enumitem/enumitem.sty)
(e:/softwear/Texlive/texlive/2024/texmf-dist/tex/latex/tcolorbox/tcolorbox.sty
(e:/softwear/Texlive/texlive/2024/texmf-dist/tex/latex/pgf/basiclayer/pgf.sty
(e:/softwear/Texlive/texlive/2024/texmf-dist/tex/latex/pgf/utilities/pgfrcs.sty

(e:/softwear/Texlive/texlive/2024/texmf-dist/tex/generic/pgf/utilities/pgfutil-
common.tex)
(e:/softwear/Texlive/texlive/2024/texmf-dist/tex/generic/pgf/utilities/pgfutil-
latex.def)
(e:/softwear/Texlive/texlive/2024/texmf-dist/tex/generic/pgf/utilities/pgfrcs.c
ode.tex
(e:/softwear/Texlive/texlive/2024/texmf-dist/tex/generic/pgf/pgf.revision.tex))
)
(e:/softwear/Texlive/texlive/2024/texmf-dist/tex/latex/pgf/basiclayer/pgfcore.s
ty
(e:/softwear/Texlive/texlive/2024/texmf-dist/tex/latex/pgf/systemlayer/pgfsys.s
ty
(e:/softwear/Texlive/texlive/2024/texmf-dist/tex/generic/pgf/systemlayer/pgfsys
.code.tex
(e:/softwear/Texlive/texlive/2024/texmf-dist/tex/generic/pgf/utilities/pgfkeys.
code.tex
(e:/softwear/Texlive/texlive/2024/texmf-dist/tex/generic/pgf/utilities/pgfkeysl
ibraryfiltered.code.tex))
(e:/softwear/Texlive/texlive/2024/texmf-dist/tex/generic/pgf/systemlayer/pgf.cf
g)
(e:/softwear/Texlive/texlive/2024/texmf-dist/tex/generic/pgf/systemlayer/pgfsys
-xetex.def
(e:/softwear/Texlive/texlive/2024/texmf-dist/tex/generic/pgf/systemlayer/pgfsys
-dvipdfmx.def
(e:/softwear/Texlive/texlive/2024/texmf-dist/tex/generic/pgf/systemlayer/pgfsys
-common-pdf.def))))
(e:/softwear/Texlive/texlive/2024/texmf-dist/tex/generic/pgf/systemlayer/pgfsys
softpath.code.tex)
(e:/softwear/Texlive/texlive/2024/texmf-dist/tex/generic/pgf/systemlayer/pgfsys
protocol.code.tex))
(e:/softwear/Texlive/texlive/2024/texmf-dist/tex/latex/xcolor/xcolor.sty
(e:/softwear/Texlive/texlive/2024/texmf-dist/tex/latex/graphics-cfg/color.cfg)
(e:/softwear/Texlive/texlive/2024/texmf-dist/tex/latex/graphics/mathcolor.ltx))

(e:/softwear/Texlive/texlive/2024/texmf-dist/tex/generic/pgf/basiclayer/pgfcore
.code.tex
(e:/softwear/Texlive/texlive/2024/texmf-dist/tex/generic/pgf/math/pgfmath.code.
tex
(e:/softwear/Texlive/texlive/2024/texmf-dist/tex/generic/pgf/math/pgfmathutil.c
ode.tex)
(e:/softwear/Texlive/texlive/2024/texmf-dist/tex/generic/pgf/math/pgfmathparser
.code.tex)
(e:/softwear/Texlive/texlive/2024/texmf-dist/tex/generic/pgf/math/pgfmathfuncti
ons.code.tex)
(e:/softwear/Texlive/texlive/2024/texmf-dist/tex/generic/pgf/math/pgfmathfuncti
ons.basic.code.tex)
(e:/softwear/Texlive/texlive/2024/texmf-dist/tex/generic/pgf/math/pgfmathfuncti
ons.trigonometric.code.tex)
(e:/softwear/Texlive/texlive/2024/texmf-dist/tex/generic/pgf/math/pgfmathfuncti
ons.random.code.tex)
(e:/softwear/Texlive/texlive/2024/texmf-dist/tex/generic/pgf/math/pgfmathfuncti
ons.comparison.code.tex)
(e:/softwear/Texlive/texlive/2024/texmf-dist/tex/generic/pgf/math/pgfmathfuncti
ons.base.code.tex)
(e:/softwear/Texlive/texlive/2024/texmf-dist/tex/generic/pgf/math/pgfmathfuncti
ons.round.code.tex)
(e:/softwear/Texlive/texlive/2024/texmf-dist/tex/generic/pgf/math/pgfmathfuncti
ons.misc.code.tex)
(e:/softwear/Texlive/texlive/2024/texmf-dist/tex/generic/pgf/math/pgfmathfuncti
ons.integerarithmetics.code.tex)
(e:/softwear/Texlive/texlive/2024/texmf-dist/tex/generic/pgf/math/pgfmathcalc.c
ode.tex)
(e:/softwear/Texlive/texlive/2024/texmf-dist/tex/generic/pgf/math/pgfmathfloat.
code.tex))
(e:/softwear/Texlive/texlive/2024/texmf-dist/tex/generic/pgf/math/pgfint.code.t
ex)
(e:/softwear/Texlive/texlive/2024/texmf-dist/tex/generic/pgf/basiclayer/pgfcore
points.code.tex)
(e:/softwear/Texlive/texlive/2024/texmf-dist/tex/generic/pgf/basiclayer/pgfcore
pathconstruct.code.tex)
(e:/softwear/Texlive/texlive/2024/texmf-dist/tex/generic/pgf/basiclayer/pgfcore
pathusage.code.tex)
(e:/softwear/Texlive/texlive/2024/texmf-dist/tex/generic/pgf/basiclayer/pgfcore
scopes.code.tex)
(e:/softwear/Texlive/texlive/2024/texmf-dist/tex/generic/pgf/basiclayer/pgfcore
graphicstate.code.tex)
(e:/softwear/Texlive/texlive/2024/texmf-dist/tex/generic/pgf/basiclayer/pgfcore
transformations.code.tex)
(e:/softwear/Texlive/texlive/2024/texmf-dist/tex/generic/pgf/basiclayer/pgfcore
quick.code.tex)
(e:/softwear/Texlive/texlive/2024/texmf-dist/tex/generic/pgf/basiclayer/pgfcore
objects.code.tex)
(e:/softwear/Texlive/texlive/2024/texmf-dist/tex/generic/pgf/basiclayer/pgfcore
pathprocessing.code.tex)
(e:/softwear/Texlive/texlive/2024/texmf-dist/tex/generic/pgf/basiclayer/pgfcore
arrows.code.tex)
(e:/softwear/Texlive/texlive/2024/texmf-dist/tex/generic/pgf/basiclayer/pgfcore
shade.code.tex)
(e:/softwear/Texlive/texlive/2024/texmf-dist/tex/generic/pgf/basiclayer/pgfcore
image.code.tex)
(e:/softwear/Texlive/texlive/2024/texmf-dist/tex/generic/pgf/basiclayer/pgfcore
external.code.tex)
(e:/softwear/Texlive/texlive/2024/texmf-dist/tex/generic/pgf/basiclayer/pgfcore
layers.code.tex)
(e:/softwear/Texlive/texlive/2024/texmf-dist/tex/generic/pgf/basiclayer/pgfcore
transparency.code.tex)
(e:/softwear/Texlive/texlive/2024/texmf-dist/tex/generic/pgf/basiclayer/pgfcore
patterns.code.tex)
(e:/softwear/Texlive/texlive/2024/texmf-dist/tex/generic/pgf/basiclayer/pgfcore
rdf.code.tex)))
(e:/softwear/Texlive/texlive/2024/texmf-dist/tex/generic/pgf/modules/pgfmodules
hapes.code.tex)
(e:/softwear/Texlive/texlive/2024/texmf-dist/tex/generic/pgf/modules/pgfmodulep
lot.code.tex)
(e:/softwear/Texlive/texlive/2024/texmf-dist/tex/latex/pgf/compatibility/pgfcom
p-version-0-65.sty)
(e:/softwear/Texlive/texlive/2024/texmf-dist/tex/latex/pgf/compatibility/pgfcom
p-version-1-18.sty))
(e:/softwear/Texlive/texlive/2024/texmf-dist/tex/latex/tools/verbatim.sty)
(e:/softwear/Texlive/texlive/2024/texmf-dist/tex/latex/environ/environ.sty
(e:/softwear/Texlive/texlive/2024/texmf-dist/tex/latex/trimspaces/trimspaces.st
y)))
(e:/softwear/Texlive/texlive/2024/texmf-dist/tex/latex/listings/listings.sty
(e:/softwear/Texlive/texlive/2024/texmf-dist/tex/latex/listings/lstpatch.sty)
(e:/softwear/Texlive/texlive/2024/texmf-dist/tex/latex/listings/lstmisc.sty)
(e:/softwear/Texlive/texlive/2024/texmf-dist/tex/latex/listings/listings.cfg))
(e:/softwear/Texlive/texlive/2024/texmf-dist/tex/xelatex/xecjk/xeCJK-listings.s
ty)
(e:/softwear/Texlive/texlive/2024/texmf-dist/tex/latex/appendix/appendix.sty))

LaTeX Warning: Unused global option(s):
    [AutoFakeBold].

No file review.aux.
*geometry* driver: auto-detecting
*geometry* detected driver: xetex

Package hyperref Warning: Rerun to get /PageLabels entry.

(e:/softwear/Texlive/texlive/2024/texmf-dist/tex/latex/caption/ltcaption.sty)
(./content/info.tex) (./content/title_page.tex
(e:/softwear/Texlive/texlive/2024/texmf-dist/tex/latex/amsfonts/umsa.fd)
(e:/softwear/Texlive/texlive/2024/texmf-dist/tex/latex/amsfonts/umsb.fd)
(e:/softwear/Texlive/texlive/2024/texmf-dist/tex/latex/jknapltx/ursfs.fd)
Overfull \hbox (0.92554pt too wide) in paragraph at lines 3--3
 [][] 
[1]) (./content/toc.tex
No file review.toc.
[1] (./review.lof) [2] (./review.lot) [3]) (./content/abstract.tex)
(./content/related_work.tex [1]

Package natbib Warning: Citation `shakhatreh2019survey' on page 2 undefined on 
input line 7.


Package natbib Warning: Citation `floreano2015science' on page 2 undefined on i
nput line 7.


Package natbib Warning: Citation `kumar2012opportunities' on page 2 undefined o
n input line 7.


Package natbib Warning: Citation `cai2014survey' on page 2 undefined on input l
ine 7.


Package natbib Warning: Citation `kendoul2012survey' on page 2 undefined on inp
ut line 7.


Package natbib Warning: Citation `stoecker2017review' on page 2 undefined on in
put line 7.

[2]

Package natbib Warning: Citation `scaramuzza2014vision' on page 3 undefined on 
input line 11.


Package natbib Warning: Citation `lvyang2019sense' on page 3 undefined on input
 line 11.


Package natbib Warning: Citation `jarraya2025gnssdenied' on page 3 undefined on
 input line 11.


Package natbib Warning: Citation `zeng2016wireless' on page 3 undefined on inpu
t line 11.


Package natbib Warning: Citation `mozaffari2019tutorial' on page 3 undefined on
 input line 11.


Package natbib Warning: Citation `taox2021survey' on page 3 undefined on input 
line 13.


Package natbib Warning: Citation `pang2021deep' on page 3 undefined on input li
ne 13.


Package natbib Warning: Citation `zhang2019energy' on page 3 undefined on input
 line 13.


Package natbib Warning: Citation `zhou2018computation' on page 3 undefined on i
nput line 13.

[3]

Package natbib Warning: Citation `nguyen2018automatic' on page 4 undefined on i
nput line 28.


Package natbib Warning: Citation `miao2020uav' on page 4 undefined on input lin
e 28.


Package natbib Warning: Citation `zhouwq2024review' on page 4 undefined on inpu
t line 28.


Package natbib Warning: Citation `tao2020detection' on page 4 undefined on inpu
t line 28.


Package natbib Warning: Citation `qiu2024insulator' on page 4 undefined on inpu
t line 28.


Package natbib Warning: Citation `vieira2023insplad' on page 4 undefined on inp
ut line 28.


Package natbib Warning: Citation `yan2023strandbreak' on page 4 undefined on in
put line 28.


Package natbib Warning: Citation `liu2024fittingscorrosion' on page 4 undefined
 on input line 28.


Package natbib Warning: Citation `santos2024uvthermopl' on page 4 undefined on 
input line 28.


Package natbib Warning: Citation `chatzargyros2024uav' on page 4 undefined on i
nput line 28.


Package natbib Warning: Citation `deng2014unmanned' on page 4 undefined on inpu
t line 28.

[4]

Package natbib Warning: Citation `mao2023powerinspection' on page 5 undefined o
n input line 30.


Package natbib Warning: Citation `oliveira2023pvairt' on page 5 undefined on in
put line 30.


Package natbib Warning: Citation `zefri2023pvlwir' on page 5 undefined on input
 line 30.


Package natbib Warning: Citation `wang2023cswinpv' on page 5 undefined on input
 line 30.


Package natbib Warning: Citation `hang2024wtbcrack' on page 5 undefined on inpu
t line 30.


Package natbib Warning: Citation `foster2024multirobotcpp' on page 5 undefined 
on input line 30.


Package natbib Warning: Citation `kumar2023coverage' on page 5 undefined on inp
ut line 30.


Package natbib Warning: Citation `nikolic2013uav' on page 5 undefined on input 
line 32.


Package natbib Warning: Citation `tripicchio2018confined' on page 5 undefined o
n input line 32.

[5]

Package natbib Warning: Citation `ali2023drones' on page 6 undefined on input l
ine 34.


Package natbib Warning: Citation `shu2019tank' on page 6 undefined on input lin
e 34.


Package natbib Warning: Citation `lu2025lng' on page 6 undefined on input line 
34.


Package natbib Warning: Citation `lippiello2022ral' on page 6 undefined on inpu
t line 34.


Package natbib Warning: Citation `tejeroruiz2026ral' on page 6 undefined on inp
ut line 34.


Package natbib Warning: Citation `yu2021rcar' on page 6 undefined on input line
 34.


Package natbib Warning: Citation `alradi2023iecon' on page 6 undefined on input
 line 34.


Package natbib Warning: Citation `lim2023thermaldrone' on page 6 undefined on i
nput line 34.


Package natbib Warning: Citation `xu2025drones' on page 6 undefined on input li
ne 34.


Package natbib Warning: Citation `tassielli2024methanedrone' on page 6 undefine
d on input line 34.


Package natbib Warning: Citation `nooralishahi2021applsci' on page 6 undefined 
on input line 34.


Package natbib Warning: Citation `nooralishahi2022access' on page 6 undefined o
n input line 34.


Package natbib Warning: Citation `nooralishahi2021drones' on page 6 undefined o
n input line 34.


Package natbib Warning: Citation `safie2025trip' on page 6 undefined on input l
ine 34.

[6]

Package natbib Warning: Citation `ortega2020aiaa' on page 7 undefined on input 
line 38.


Package natbib Warning: Citation `alsayed2021rs' on page 7 undefined on input l
ine 38.


Package natbib Warning: Citation `reyesmunoz2026industrial' on page 7 undefined
 on input line 38.


Package natbib Warning: Citation `beul2018fast' on page 7 undefined on input li
ne 38.


Package natbib Warning: Citation `stanko2022warehouse' on page 7 undefined on i
nput line 38.


Package natbib Warning: Citation `morgenthal2014quality' on page 7 undefined on
 input line 42.


Package natbib Warning: Citation `ham2016visual' on page 7 undefined on input l
ine 42.


Package natbib Warning: Citation `dorafshan2018bridge' on page 7 undefined on i
nput line 42.


Package natbib Warning: Citation `spencer2019advances' on page 7 undefined on i
nput line 42.


Package natbib Warning: Citation `yeum2015vision' on page 7 undefined on input 
line 42.


Package natbib Warning: Citation `cha2017deep' on page 7 undefined on input lin
e 42.


Package natbib Warning: Citation `liu2020image' on page 7 undefined on input li
ne 42.


Package natbib Warning: Citation `li2022bridge' on page 7 undefined on input li
ne 42.


Package natbib Warning: Citation `xiao2024bridgeroicrack' on page 7 undefined o
n input line 42.


Package natbib Warning: Citation `wang2024steelcorrosion' on page 7 undefined o
n input line 42.


Package natbib Warning: Citation `ozaslan2017autonomous' on page 7 undefined on
 input line 42.


Package natbib Warning: Citation `petrlik2020robust' on page 7 undefined on inp
ut line 42.


Package natbib Warning: Citation `xu2023tunnelinspection' on page 7 undefined o
n input line 42.

[7] [8]

Package natbib Warning: Citation `cha2017deep' on page 9 undefined on input lin
e 50.


Package natbib Warning: Citation `li2019image' on page 9 undefined on input lin
e 50.


Package natbib Warning: Citation `yang2018pixel' on page 9 undefined on input l
ine 50.


Package natbib Warning: Citation `tao2020detection' on page 9 undefined on inpu
t line 50.


Package natbib Warning: Citation `jiang2022vision' on page 9 undefined on input
 line 50.


Package natbib Warning: Citation `shan2025uavpavementcrack' on page 9 undefined
 on input line 50.


Package natbib Warning: Citation `jadin2012recent' on page 9 undefined on input
 line 52.


Package natbib Warning: Citation `usamentiaga2014infrared' on page 9 undefined 
on input line 52.


Package natbib Warning: Citation `lim2023thermaldrone' on page 9 undefined on i
nput line 52.


Package natbib Warning: Citation `ertunc2024thermalfault' on page 9 undefined o
n input line 52.


Package natbib Warning: Citation `liu2025infraredcsee' on page 9 undefined on i
nput line 52.


Package natbib Warning: Citation `lu2025lng' on page 9 undefined on input line 
52.

[9]

Package natbib Warning: Citation `colomina2014unmanned' on page 10 undefined on
 input line 54.


Package natbib Warning: Citation `nex2014uav' on page 10 undefined on input lin
e 54.


Package natbib Warning: Citation `maboudi2025bridgedeformation' on page 10 unde
fined on input line 54.


Package natbib Warning: Citation `liu2020image' on page 10 undefined on input l
ine 54.


Package natbib Warning: Citation `kanellakis2017survey' on page 10 undefined on
 input line 54.


Package natbib Warning: Citation `ortega2020aiaa' on page 10 undefined on input
 line 54.


Package natbib Warning: Citation `xu2025drones' on page 10 undefined on input l
ine 56.


Package natbib Warning: Citation `tassielli2024methanedrone' on page 10 undefin
ed on input line 56.


Package natbib Warning: Citation `nooralishahi2021applsci' on page 10 undefined
 on input line 56.


Package natbib Warning: Citation `titu2024firedrone' on page 10 undefined on in
put line 56.


Package natbib Warning: Citation `tan2024sccmdet' on page 10 undefined on input
 line 56.


Package natbib Warning: Citation `li2025mulsenad' on page 10 undefined on input
 line 58.

[10]

Package natbib Warning: Citation `jadin2012recent' on page 11 undefined on inpu
t line 69.


Package natbib Warning: Citation `usamentiaga2014infrared' on page 11 undefined
 on input line 69.


Package natbib Warning: Citation `scaramuzza2014vision' on page 11 undefined on
 input line 69.


Package natbib Warning: Citation `nil2012review' on page 11 undefined on input 
line 69.

[11]

Package natbib Warning: Citation `jing2024onlinecalib' on page 12 undefined on 
input line 73.


Package natbib Warning: Citation `panq2003basic' on page 12 undefined on input 
line 75.


Package natbib Warning: Citation `wangj2004survey' on page 12 undefined on inpu
t line 75.


Package natbib Warning: Citation `hey2000multi' on page 12 undefined on input l
ine 75.


Package natbib Warning: Citation `li2024multispectraldefect' on page 12 undefin
ed on input line 75.

[12]

Package natbib Warning: Citation `durrant2006simultaneous' on page 13 undefined
 on input line 79.


Package natbib Warning: Citation `cadena2016past' on page 13 undefined on input
 line 79.


Package natbib Warning: Citation `wujq2021review' on page 13 undefined on input
 line 79.


Package natbib Warning: Citation `gupta2022slam' on page 13 undefined on input 
line 79.


Package natbib Warning: Citation `huangzx2023survey' on page 13 undefined on in
put line 79.


Package natbib Warning: Citation `zhao2024uavresilient' on page 13 undefined on
 input line 79.


Package natbib Warning: Citation `lowe2004distinctive' on page 13 undefined on 
input line 81.


Package natbib Warning: Citation `rublee2011orb' on page 13 undefined on input 
line 81.


Package natbib Warning: Citation `fischler1981random' on page 13 undefined on i
nput line 81.


Package natbib Warning: Citation `hartley2003multiple' on page 13 undefined on 
input line 81.


Package natbib Warning: Citation `mur2015orb' on page 13 undefined on input lin
e 81.


Package natbib Warning: Citation `mur2017orb' on page 13 undefined on input lin
e 81.


Package natbib Warning: Citation `campos2021orb' on page 13 undefined on input 
line 81.


Package natbib Warning: Citation `qin2018vins' on page 13 undefined on input li
ne 83.


Package natbib Warning: Citation `loianno2017estimation' on page 13 undefined o
n input line 83.


Package natbib Warning: Citation `faessler2016autonomous' on page 13 undefined 
on input line 83.


Package natbib Warning: Citation `mohta2018fast' on page 13 undefined on input 
line 83.


Package natbib Warning: Citation `zhang2014loam' on page 13 undefined on input 
line 83.

[13]

Package natbib Warning: Citation `shan2020liosam' on page 14 undefined on input
 line 85.


Package natbib Warning: Citation `xu2022fast' on page 14 undefined on input lin
e 85.


Package natbib Warning: Citation `bai2022fasterlio' on page 14 undefined on inp
ut line 85.


Package natbib Warning: Citation `shan2021lvisam' on page 14 undefined on input
 line 85.


Package natbib Warning: Citation `lin2022r3live' on page 14 undefined on input 
line 85.


Package natbib Warning: Citation `zheng2025fastlivo2' on page 14 undefined on i
nput line 85.


Package natbib Warning: Citation `huangzx2023survey' on page 14 undefined on in
put line 87.


Package natbib Warning: Citation `tian2023objectsemantic' on page 14 undefined 
on input line 87.


Package natbib Warning: Citation `wang2024dynamicsurvey' on page 14 undefined o
n input line 87.


Package natbib Warning: Citation `placed2023active' on page 14 undefined on inp
ut line 87.


Package natbib Warning: Citation `tao2024activemetricsemantic' on page 14 undef
ined on input line 87.


Package natbib Warning: Citation `jeon2024multimodalinspection' on page 14 unde
fined on input line 87.


Package natbib Warning: Citation `M3DM2023' on page 14 undefined on input line 
87.

[14]

Package natbib Warning: Citation `pfreundschuh2024coinlio' on page 15 undefined
 on input line 89.


Package natbib Warning: Citation `zhang2024lviofusion' on page 15 undefined on 
input line 89.


Package natbib Warning: Citation `wu2025dalislam' on page 15 undefined on input
 line 89.


Package natbib Warning: Citation `zhao2021superodometry' on page 15 undefined o
n input line 89.


Package natbib Warning: Citation `zhao2025resilient' on page 15 undefined on in
put line 89.


Package natbib Warning: Citation `boiteau2024uavlowvisibility' on page 15 undef
ined on input line 89.


Package natbib Warning: Citation `kim2024adaptiveuavlio' on page 15 undefined o
n input line 89.

[15]

Package natbib Warning: Citation `taox2021survey' on page 16 undefined on input
 line 100.


Package natbib Warning: Citation `nguyen2018automatic' on page 16 undefined on 
input line 100.

[16]

Package natbib Warning: Citation `krizhevsky2012imagenet' on page 17 undefined 
on input line 102.


Package natbib Warning: Citation `simonyan2015very' on page 17 undefined on inp
ut line 102.


Package natbib Warning: Citation `he2016deep' on page 17 undefined on input lin
e 102.


Package natbib Warning: Citation `girshick2015fast' on page 17 undefined on inp
ut line 102.


Package natbib Warning: Citation `ren2015faster' on page 17 undefined on input 
line 102.


Package natbib Warning: Citation `redmon2016you' on page 17 undefined on input 
line 102.


Package natbib Warning: Citation `liu2016ssd' on page 17 undefined on input lin
e 102.


Package natbib Warning: Citation `lin2017focal' on page 17 undefined on input l
ine 102.


Package natbib Warning: Citation `terven2023yolo' on page 17 undefined on input
 line 102.


Package natbib Warning: Citation `vaswani2017attention' on page 17 undefined on
 input line 104.


Package natbib Warning: Citation `dosovitskiy2021image' on page 17 undefined on
 input line 104.


Package natbib Warning: Citation `liu2021swin' on page 17 undefined on input li
ne 104.


Package natbib Warning: Citation `carion2020end' on page 17 undefined on input 
line 104.


Package natbib Warning: Citation `zhu2021deformable' on page 17 undefined on in
put line 104.


Package natbib Warning: Citation `zhu2021visdrone' on page 17 undefined on inpu
t line 104.


Package natbib Warning: Citation `hua2025aerialsmall' on page 17 undefined on i
nput line 104.


Package natbib Warning: Citation `zhang2025lowaltitudeuav' on page 17 undefined
 on input line 104.


Package natbib Warning: Citation `pang2021deep' on page 17 undefined on input l
ine 106.


Package natbib Warning: Citation `liu2024industrialad' on page 17 undefined on 
input line 106.


Package natbib Warning: Citation `li2025iadreview' on page 17 undefined on inpu
t line 106.


Package natbib Warning: Citation `kingma2014auto' on page 17 undefined on input
 line 106.


Package natbib Warning: Citation `goodfellow2014generative' on page 17 undefine
d on input line 106.


Package natbib Warning: Citation `fangan2019' on page 17 undefined on input lin
e 106.


Package natbib Warning: Citation `ruff2018deep' on page 17 undefined on input l
ine 106.


Package natbib Warning: Citation `roth2022towards' on page 17 undefined on inpu
t line 106.


Package natbib Warning: Citation `deng2022rd4ad' on page 17 undefined on input 
line 106.


Package natbib Warning: Citation `zavrtanik2021draem' on page 17 undefined on i
nput line 106.


Package natbib Warning: Citation `liu2023simplenet' on page 17 undefined on inp
ut line 106.


Package natbib Warning: Citation `batzner2024efficientad' on page 17 undefined 
on input line 106.


Package natbib Warning: Citation `shukla2025iadsurvey' on page 17 undefined on 
input line 106.


Package natbib Warning: Citation `shan2025uavpavementcrack' on page 17 undefine
d on input line 106.


Package natbib Warning: Citation `wang2024realiad' on page 17 undefined on inpu
t line 106.

[17]

Package natbib Warning: Citation `radford2021learning' on page 18 undefined on 
input line 108.


Package natbib Warning: Citation `jeong2023winclip' on page 18 undefined on inp
ut line 108.


Package natbib Warning: Citation `zhou2024anomalyclip' on page 18 undefined on 
input line 108.


Package natbib Warning: Citation `ma2025aaclip' on page 18 undefined on input l
ine 108.


Package natbib Warning: Citation `li2024musc' on page 18 undefined on input lin
e 108.


Package natbib Warning: Citation `zhu2024inctrl' on page 18 undefined on input 
line 108.


Package natbib Warning: Citation `kirillov2023segment' on page 18 undefined on 
input line 108.


Package natbib Warning: Citation `liu2024grounding' on page 18 undefined on inp
ut line 108.


Package natbib Warning: Citation `oquab2024dinov2' on page 18 undefined on inpu
t line 108.


Package natbib Warning: Citation `ren2025foundationAD' on page 18 undefined on 
input line 108.


Package natbib Warning: Citation `ammar2026fmvad' on page 18 undefined on input
 line 108.


Package natbib Warning: Citation `gu2024anomalyGPT' on page 18 undefined on inp
ut line 108.


Package natbib Warning: Citation `lin2025rgb3dmm' on page 18 undefined on input
 line 108.


Package natbib Warning: Citation `M3DM2023' on page 18 undefined on input line 
108.


Package natbib Warning: Citation `li2025mulsenad' on page 18 undefined on input
 line 108.


Package natbib Warning: Citation `zhang2026continualad' on page 18 undefined on
 input line 108.


Package natbib Warning: Citation `coscia2025onen' on page 18 undefined on input
 line 108.

[18]

Package natbib Warning: Citation `yi2025uavtransmission' on page 19 undefined o
n input line 110.


Package natbib Warning: Citation `tao2019digital' on page 19 undefined on input
 line 110.

[19]

Package natbib Warning: Citation `stentz1994optimal' on page 20 undefined on in
put line 116.


Package natbib Warning: Citation `koenig2002d' on page 20 undefined on input li
ne 116.


Package natbib Warning: Citation `khatib1986real' on page 20 undefined on input
 line 116.


Package natbib Warning: Citation `fox1997dynamic' on page 20 undefined on input
 line 116.


Package natbib Warning: Citation `van2011reciprocal' on page 20 undefined on in
put line 116.


Package natbib Warning: Citation `xu2023tunnelinspection' on page 20 undefined 
on input line 116.


Package natbib Warning: Citation `choset2001coverage' on page 20 undefined on i
nput line 118.


Package natbib Warning: Citation `galceran2013survey' on page 20 undefined on i
nput line 118.


Package natbib Warning: Citation `kumar2023coverage' on page 20 undefined on in
put line 118.


Package natbib Warning: Citation `sunwc2026review' on page 20 undefined on inpu
t line 118.


Package natbib Warning: Citation `ghambari2024uavpath' on page 20 undefined on 
input line 118.


Package natbib Warning: Citation `jiang2024evolutionary' on page 20 undefined o
n input line 118.


Package natbib Warning: Citation `bolourian2020lidarbridge' on page 20 undefine
d on input line 118.


Package natbib Warning: Citation `zhao2024structuralinspection' on page 20 unde
fined on input line 118.


Package natbib Warning: Citation `liu2024tiiinspection' on page 20 undefined on
 input line 118.


Package natbib Warning: Citation `wang2025uavsurface' on page 20 undefined on i
nput line 118.


Package natbib Warning: Citation `jung2024bridgepose' on page 20 undefined on i
nput line 118.


Package natbib Warning: Citation `ivic2023multiuavinspection' on page 20 undefi
ned on input line 118.


Package natbib Warning: Citation `sikora2024movingtargets' on page 20 undefined
 on input line 118.

[20]

Package natbib Warning: Citation `bircher2016receding' on page 21 undefined on 
input line 120.


Package natbib Warning: Citation `gazani2023bagofviews' on page 21 undefined on
 input line 120.


Package natbib Warning: Citation `ruckin2022adaptiveipp' on page 21 undefined o
n input line 120.


Package natbib Warning: Citation `westheider2023multiipp' on page 21 undefined 
on input line 120.


Package natbib Warning: Citation `petit2024moar' on page 21 undefined on input 
line 120.


Package natbib Warning: Citation `chen2023charginginspection' on page 21 undefi
ned on input line 120.


Package natbib Warning: Citation `shi2023urprc' on page 21 undefined on input l
ine 120.


Package natbib Warning: Citation `gerkey2004formal' on page 21 undefined on inp
ut line 122.


Package natbib Warning: Citation `choi2009consensus' on page 21 undefined on in
put line 122.


Package natbib Warning: Citation `zhaiz2023market' on page 21 undefined on inpu
t line 122.


Package natbib Warning: Citation `zhangrp2022hybrid' on page 21 undefined on in
put line 122.


Package natbib Warning: Citation `jukai2022task' on page 21 undefined on input 
line 122.


Package natbib Warning: Citation `jeong2023makespan' on page 21 undefined on in
put line 122.


Package natbib Warning: Citation `jiagw2021review' on page 21 undefined on inpu
t line 122.


Package natbib Warning: Citation `duyh2020survey' on page 21 undefined on input
 line 122.


Package natbib Warning: Citation `jiayn2020recent' on page 21 undefined on inpu
t line 122.


Package natbib Warning: Citation `biwh2024review' on page 21 undefined on input
 line 122.


Package natbib Warning: Citation `zhangkw2021survey' on page 21 undefined on in
put line 122.


Package natbib Warning: Citation `mao2023powerinspection' on page 21 undefined 
on input line 122.

[21]

Package natbib Warning: Citation `lowe2017multi' on page 22 undefined on input 
line 124.


Package natbib Warning: Citation `rashid2018qmix' on page 22 undefined on input
 line 124.


Package natbib Warning: Citation `yu2022surprising' on page 22 undefined on inp
ut line 124.


Package natbib Warning: Citation `gronauer2022marl' on page 22 undefined on inp
ut line 124.


Package natbib Warning: Citation `pan2024uhcrp' on page 22 undefined on input l
ine 124.


Package natbib Warning: Citation `fei2022limitedcomm' on page 22 undefined on i
nput line 124.


Package natbib Warning: Citation `obrien2023dynamictask' on page 22 undefined o
n input line 124.


Package natbib Warning: Citation `kulkarni2022teamed' on page 22 undefined on i
nput line 124.

[22]

Package natbib Warning: Citation `zhou2022swarm' on page 23 undefined on input 
line 126.


Package natbib Warning: Citation `zhou2021decentralized' on page 23 undefined o
n input line 126.


Package natbib Warning: Citation `zhou2023racer' on page 23 undefined on input 
line 126.


Package natbib Warning: Citation `gilcastilla2024hetero' on page 23 undefined o
n input line 126.


Package natbib Warning: Citation `jacobsen2023swarm' on page 23 undefined on in
put line 126.


Package natbib Warning: Citation `silano2024stl' on page 23 undefined on input 
line 126.

[23]

Package natbib Warning: Citation `cadena2016past' on page 24 undefined on input
 line 139.


Package natbib Warning: Citation `gupta2022slam' on page 24 undefined on input 
line 139.


Package natbib Warning: Citation `petrlik2020robust' on page 24 undefined on in
put line 139.


Package natbib Warning: Citation `zhao2024uavresilient' on page 24 undefined on
 input line 139.


Package natbib Warning: Citation `roth2022towards' on page 24 undefined on inpu
t line 141.


Package natbib Warning: Citation `jeong2023winclip' on page 24 undefined on inp
ut line 141.


Package natbib Warning: Citation `lin2025rgb3dmm' on page 24 undefined on input
 line 141.


Package natbib Warning: Citation `li2025mulsenad' on page 24 undefined on input
 line 141.


Package natbib Warning: Citation `galceran2013survey' on page 24 undefined on i
nput line 143.


Package natbib Warning: Citation `liu2024tiiinspection' on page 24 undefined on
 input line 143.

[24]

Package natbib Warning: Citation `zhao2025resilient' on page 25 undefined on in
put line 155.


Package natbib Warning: Citation `zhang2024lviofusion' on page 25 undefined on 
input line 155.


Package natbib Warning: Citation `wu2025dalislam' on page 25 undefined on input
 line 155.

[25]

Package natbib Warning: Citation `zhou2024anomalyclip' on page 26 undefined on 
input line 157.


Package natbib Warning: Citation `ma2025aaclip' on page 26 undefined on input l
ine 157.


Package natbib Warning: Citation `zhu2024inctrl' on page 26 undefined on input 
line 157.


Package natbib Warning: Citation `zhang2026continualad' on page 26 undefined on
 input line 157.


Package natbib Warning: Citation `coscia2025onen' on page 26 undefined on input
 line 157.


Package natbib Warning: Citation `ren2025foundationAD' on page 26 undefined on 
input line 157.


Package natbib Warning: Citation `gu2024anomalyGPT' on page 26 undefined on inp
ut line 157.


Package natbib Warning: Citation `zhou2023racer' on page 26 undefined on input 
line 161.


Package natbib Warning: Citation `silano2024stl' on page 26 undefined on input 
line 161.


Package natbib Warning: Citation `obrien2023dynamictask' on page 26 undefined o
n input line 161.


Package natbib Warning: Citation `fei2022limitedcomm' on page 26 undefined on i
nput line 161.


Package natbib Warning: Citation `tao2019digital' on page 26 undefined on input
 line 163.

) [26] (./content/reference.tex [27]
No file review.bbl.
)

Package natbib Warning: There were undefined citations.

(./review.aux) )
(see the transcript file for additional information)
Output written on review.pdf (31 pages).
Transcript written on review.log.
