This is XeTeX, Version 3.141592653-2.6-0.999996 (TeX Live 2024) (preloaded format=xelatex)
 restricted \write18 enabled.
entering extended mode
(./review.tex
LaTeX2e <2023-11-01> patch level 1
L3 programming layer <2024-02-20>
(./buaascseproposal.cls
Document Class: buaascseproposal The LaTeX template for thesis proposal of SCSE
, BUAA
Document Class `buaascseproposal' v0.1 by ZKL (2022/07/01)
(e:/softwear/Texlive/texlive/2024/texmf-dist/tex/latex/ctex/ctexart.cls
(e:/softwear/Texlive/texlive/2024/texmf-dist/tex/latex/ctex/config/ctexbackend.
cfg) (e:/softwear/Texlive/texlive/2024/texmf-dist/tex/latex/l3kernel/expl3.sty
(e:/softwear/Texlive/texlive/2024/texmf-dist/tex/latex/l3backend/l3backend-xete
x.def))
Document Class: ctexart 2022/07/14 v2.5.10 Chinese adapter for class article (C
TEX)
(e:/softwear/Texlive/texlive/2024/texmf-dist/tex/latex/ctex/ctexhook.sty)
(e:/softwear/Texlive/texlive/2024/texmf-dist/tex/latex/ctex/ctexpatch.sty)
(e:/softwear/Texlive/texlive/2024/texmf-dist/tex/latex/base/fix-cm.sty
(e:/softwear/Texlive/texlive/2024/texmf-dist/tex/latex/base/ts1enc.def))
(e:/softwear/Texlive/texlive/2024/texmf-dist/tex/latex/ctex/config/ctexopts.cfg
) (e:/softwear/Texlive/texlive/2024/texmf-dist/tex/latex/base/article.cls
Document Class: article 2023/05/17 v1.4n Standard LaTeX document class
(e:/softwear/Texlive/texlive/2024/texmf-dist/tex/latex/base/size12.clo))
(e:/softwear/Texlive/texlive/2024/texmf-dist/tex/latex/ctex/engine/ctex-engine-
xetex.def
(e:/softwear/Texlive/texlive/2024/texmf-dist/tex/xelatex/xecjk/xeCJK.sty
(e:/softwear/Texlive/texlive/2024/texmf-dist/tex/latex/l3packages/xtemplate/xte
mplate.sty
(e:/softwear/Texlive/texlive/2024/texmf-dist/tex/latex/l3packages/xtemplate/xte
mplate-2023-10-10.sty))
(e:/softwear/Texlive/texlive/2024/texmf-dist/tex/latex/fontspec/fontspec.sty
(e:/softwear/Texlive/texlive/2024/texmf-dist/tex/latex/l3packages/xparse/xparse
.sty)
(e:/softwear/Texlive/texlive/2024/texmf-dist/tex/latex/fontspec/fontspec-xetex.
sty (e:/softwear/Texlive/texlive/2024/texmf-dist/tex/latex/base/fontenc.sty)
(e:/softwear/Texlive/texlive/2024/texmf-dist/tex/latex/fontspec/fontspec.cfg)))
(e:/softwear/Texlive/texlive/2024/texmf-dist/tex/xelatex/xecjk/xeCJK.cfg)))
(e:/softwear/Texlive/texlive/2024/texmf-dist/tex/latex/zhnumber/zhnumber.sty
(e:/softwear/Texlive/texlive/2024/texmf-dist/tex/latex/zhnumber/zhnumber-utf8.c
fg))
(e:/softwear/Texlive/texlive/2024/texmf-dist/tex/latex/ctex/scheme/ctex-scheme-
chinese-article.def
(e:/softwear/Texlive/texlive/2024/texmf-dist/tex/latex/ctex/config/ctex-name-ut
f8.cfg))
(e:/softwear/Texlive/texlive/2024/texmf-dist/tex/latex/ctex/ctex-cs4size.clo)
(e:/softwear/Texlive/texlive/2024/texmf-dist/tex/latex/ctex/fontset/ctex-fontse
t-windows.def))
(e:/softwear/Texlive/texlive/2024/texmf-dist/tex/latex/ctex/config/ctex.cfg)
(e:/softwear/Texlive/texlive/2024/texmf-dist/tex/latex/base/ifthen.sty)
(e:/softwear/Texlive/texlive/2024/texmf-dist/tex/latex/amsmath/amsmath.sty
For additional information on amsmath, use the `?' option.
(e:/softwear/Texlive/texlive/2024/texmf-dist/tex/latex/amsmath/amstext.sty
(e:/softwear/Texlive/texlive/2024/texmf-dist/tex/latex/amsmath/amsgen.sty))
(e:/softwear/Texlive/texlive/2024/texmf-dist/tex/latex/amsmath/amsbsy.sty)
(e:/softwear/Texlive/texlive/2024/texmf-dist/tex/latex/amsmath/amsopn.sty))
(e:/softwear/Texlive/texlive/2024/texmf-dist/tex/latex/amsfonts/amssymb.sty
(e:/softwear/Texlive/texlive/2024/texmf-dist/tex/latex/amsfonts/amsfonts.sty))
(e:/softwear/Texlive/texlive/2024/texmf-dist/tex/latex/jknapltx/mathrsfs.sty)
(e:/softwear/Texlive/texlive/2024/texmf-dist/tex/latex/tools/bm.sty)
(e:/softwear/Texlive/texlive/2024/texmf-dist/tex/latex/ntheorem/ntheorem.sty
Style `ntheorem', Version 1.33 <2011/08/15>
)
(e:/softwear/Texlive/texlive/2024/texmf-dist/tex/latex/anyfontsize/anyfontsize.
sty)

Package xeCJK Warning: Redefining CJKfamily `\CJKrmdefault' (SimSun(0)).

(e:/softwear/Texlive/texlive/2024/texmf-dist/tex/latex/graphics/color.sty
(e:/softwear/Texlive/texlive/2024/texmf-dist/tex/latex/graphics-cfg/color.cfg)
(e:/softwear/Texlive/texlive/2024/texmf-dist/tex/latex/graphics-def/xetex.def)
(e:/softwear/Texlive/texlive/2024/texmf-dist/tex/latex/graphics/mathcolor.ltx))
(e:/softwear/Texlive/texlive/2024/texmf-dist/tex/latex/geometry/geometry.sty
(e:/softwear/Texlive/texlive/2024/texmf-dist/tex/latex/graphics/keyval.sty)
(e:/softwear/Texlive/texlive/2024/texmf-dist/tex/generic/iftex/ifvtex.sty
(e:/softwear/Texlive/texlive/2024/texmf-dist/tex/generic/iftex/iftex.sty)))
(e:/softwear/Texlive/texlive/2024/texmf-dist/tex/latex/fancyhdr/fancyhdr.sty)
(e:/softwear/Texlive/texlive/2024/texmf-dist/tex/latex/booktabs/booktabs.sty)
(e:/softwear/Texlive/texlive/2024/texmf-dist/tex/latex/titling/titling.sty)
(e:/softwear/Texlive/texlive/2024/texmf-dist/tex/latex/hyperref/hyperref.sty
(e:/softwear/Texlive/texlive/2024/texmf-dist/tex/latex/kvsetkeys/kvsetkeys.sty)

(e:/softwear/Texlive/texlive/2024/texmf-dist/tex/generic/kvdefinekeys/kvdefinek
eys.sty)
(e:/softwear/Texlive/texlive/2024/texmf-dist/tex/generic/pdfescape/pdfescape.st
y (e:/softwear/Texlive/texlive/2024/texmf-dist/tex/generic/ltxcmds/ltxcmds.sty)

(e:/softwear/Texlive/texlive/2024/texmf-dist/tex/generic/pdftexcmds/pdftexcmds.
sty
(e:/softwear/Texlive/texlive/2024/texmf-dist/tex/generic/infwarerr/infwarerr.st
y))) (e:/softwear/Texlive/texlive/2024/texmf-dist/tex/latex/hycolor/hycolor.sty
) (e:/softwear/Texlive/texlive/2024/texmf-dist/tex/latex/auxhook/auxhook.sty)
(e:/softwear/Texlive/texlive/2024/texmf-dist/tex/latex/hyperref/nameref.sty
(e:/softwear/Texlive/texlive/2024/texmf-dist/tex/latex/refcount/refcount.sty)
(e:/softwear/Texlive/texlive/2024/texmf-dist/tex/generic/gettitlestring/gettitl
estring.sty
(e:/softwear/Texlive/texlive/2024/texmf-dist/tex/latex/kvoptions/kvoptions.sty)
)) (e:/softwear/Texlive/texlive/2024/texmf-dist/tex/latex/etoolbox/etoolbox.sty
) (e:/softwear/Texlive/texlive/2024/texmf-dist/tex/latex/hyperref/pd1enc.def)
(e:/softwear/Texlive/texlive/2024/texmf-dist/tex/generic/intcalc/intcalc.sty)
(e:/softwear/Texlive/texlive/2024/texmf-dist/tex/latex/hyperref/puenc.def)
(e:/softwear/Texlive/texlive/2024/texmf-dist/tex/latex/url/url.sty)
(e:/softwear/Texlive/texlive/2024/texmf-dist/tex/generic/bitset/bitset.sty
(e:/softwear/Texlive/texlive/2024/texmf-dist/tex/generic/bigintcalc/bigintcalc.
sty))
(e:/softwear/Texlive/texlive/2024/texmf-dist/tex/latex/base/atbegshi-ltx.sty))
(e:/softwear/Texlive/texlive/2024/texmf-dist/tex/latex/hyperref/hxetex.def
(e:/softwear/Texlive/texlive/2024/texmf-dist/tex/generic/stringenc/stringenc.st
y)
(e:/softwear/Texlive/texlive/2024/texmf-dist/tex/latex/rerunfilecheck/rerunfile
check.sty
(e:/softwear/Texlive/texlive/2024/texmf-dist/tex/latex/base/atveryend-ltx.sty)
(e:/softwear/Texlive/texlive/2024/texmf-dist/tex/generic/uniquecounter/uniqueco
unter.sty)))
(e:/softwear/Texlive/texlive/2024/texmf-dist/tex/latex/bookmark/bookmark.sty
(e:/softwear/Texlive/texlive/2024/texmf-dist/tex/latex/bookmark/bkm-dvipdfm.def
)) (e:/softwear/Texlive/texlive/2024/texmf-dist/tex/latex/natbib/natbib.sty)
(./gbt7714.sty)
(e:/softwear/Texlive/texlive/2024/texmf-dist/tex/latex/cleveref/cleveref.sty)
(e:/softwear/Texlive/texlive/2024/texmf-dist/tex/latex/titlesec/titletoc.sty)
(e:/softwear/Texlive/texlive/2024/texmf-dist/tex/latex/graphics/graphicx.sty
(e:/softwear/Texlive/texlive/2024/texmf-dist/tex/latex/graphics/graphics.sty
(e:/softwear/Texlive/texlive/2024/texmf-dist/tex/latex/graphics/trig.sty)
(e:/softwear/Texlive/texlive/2024/texmf-dist/tex/latex/graphics-cfg/graphics.cf
g))) (e:/softwear/Texlive/texlive/2024/texmf-dist/tex/latex/psnfss/pifont.sty
(e:/softwear/Texlive/texlive/2024/texmf-dist/tex/latex/psnfss/upzd.fd)
(e:/softwear/Texlive/texlive/2024/texmf-dist/tex/latex/psnfss/upsy.fd))
(e:/softwear/Texlive/texlive/2024/texmf-dist/tex/latex/overpic/overpic.sty
(e:/softwear/Texlive/texlive/2024/texmf-dist/tex/latex/eepic/epic.sty
Enhancements to Picture Environment. Version 1.2 - Released June 1, 1986
))
(e:/softwear/Texlive/texlive/2024/texmf-dist/tex/latex/subfigure/subfigure.sty
****************************************
* Local config file subfigure.cfg used *
****************************************
(e:/softwear/Texlive/texlive/2024/texmf-dist/tex/latex/subfigure/subfigure.cfg)
) (e:/softwear/Texlive/texlive/2024/texmf-dist/tex/latex/caption/caption.sty
(e:/softwear/Texlive/texlive/2024/texmf-dist/tex/latex/caption/caption3.sty))
(e:/softwear/Texlive/texlive/2024/texmf-dist/tex/latex/makecell/makecell.sty
(e:/softwear/Texlive/texlive/2024/texmf-dist/tex/latex/tools/array.sty))
(e:/softwear/Texlive/texlive/2024/texmf-dist/tex/latex/colortbl/colortbl.sty)
(e:/softwear/Texlive/texlive/2024/texmf-dist/tex/latex/tools/enumerate.sty)
(e:/softwear/Texlive/texlive/2024/texmf-dist/tex/generic/ulem/ulem.sty)
(e:/softwear/Texlive/texlive/2024/texmf-dist/tex/latex/tools/longtable.sty)
(e:/softwear/Texlive/texlive/2024/texmf-dist/tex/latex/multirow/multirow.sty)
(e:/softwear/Texlive/texlive/2024/texmf-dist/tex/latex/tools/tabularx.sty)
(e:/softwear/Texlive/texlive/2024/texmf-dist/tex/latex/enumitem/enumitem.sty)
(e:/softwear/Texlive/texlive/2024/texmf-dist/tex/latex/tcolorbox/tcolorbox.sty
(e:/softwear/Texlive/texlive/2024/texmf-dist/tex/latex/pgf/basiclayer/pgf.sty
(e:/softwear/Texlive/texlive/2024/texmf-dist/tex/latex/pgf/utilities/pgfrcs.sty

(e:/softwear/Texlive/texlive/2024/texmf-dist/tex/generic/pgf/utilities/pgfutil-
common.tex)
(e:/softwear/Texlive/texlive/2024/texmf-dist/tex/generic/pgf/utilities/pgfutil-
latex.def)
(e:/softwear/Texlive/texlive/2024/texmf-dist/tex/generic/pgf/utilities/pgfrcs.c
ode.tex
(e:/softwear/Texlive/texlive/2024/texmf-dist/tex/generic/pgf/pgf.revision.tex))
)
(e:/softwear/Texlive/texlive/2024/texmf-dist/tex/latex/pgf/basiclayer/pgfcore.s
ty
(e:/softwear/Texlive/texlive/2024/texmf-dist/tex/latex/pgf/systemlayer/pgfsys.s
ty
(e:/softwear/Texlive/texlive/2024/texmf-dist/tex/generic/pgf/systemlayer/pgfsys
.code.tex
(e:/softwear/Texlive/texlive/2024/texmf-dist/tex/generic/pgf/utilities/pgfkeys.
code.tex
(e:/softwear/Texlive/texlive/2024/texmf-dist/tex/generic/pgf/utilities/pgfkeysl
ibraryfiltered.code.tex))
(e:/softwear/Texlive/texlive/2024/texmf-dist/tex/generic/pgf/systemlayer/pgf.cf
g)
(e:/softwear/Texlive/texlive/2024/texmf-dist/tex/generic/pgf/systemlayer/pgfsys
-xetex.def
(e:/softwear/Texlive/texlive/2024/texmf-dist/tex/generic/pgf/systemlayer/pgfsys
-dvipdfmx.def
(e:/softwear/Texlive/texlive/2024/texmf-dist/tex/generic/pgf/systemlayer/pgfsys
-common-pdf.def))))
(e:/softwear/Texlive/texlive/2024/texmf-dist/tex/generic/pgf/systemlayer/pgfsys
softpath.code.tex)
(e:/softwear/Texlive/texlive/2024/texmf-dist/tex/generic/pgf/systemlayer/pgfsys
protocol.code.tex))
(e:/softwear/Texlive/texlive/2024/texmf-dist/tex/latex/xcolor/xcolor.sty
(e:/softwear/Texlive/texlive/2024/texmf-dist/tex/latex/graphics-cfg/color.cfg)
(e:/softwear/Texlive/texlive/2024/texmf-dist/tex/latex/graphics/mathcolor.ltx))

(e:/softwear/Texlive/texlive/2024/texmf-dist/tex/generic/pgf/basiclayer/pgfcore
.code.tex
(e:/softwear/Texlive/texlive/2024/texmf-dist/tex/generic/pgf/math/pgfmath.code.
tex
(e:/softwear/Texlive/texlive/2024/texmf-dist/tex/generic/pgf/math/pgfmathutil.c
ode.tex)
(e:/softwear/Texlive/texlive/2024/texmf-dist/tex/generic/pgf/math/pgfmathparser
.code.tex)
(e:/softwear/Texlive/texlive/2024/texmf-dist/tex/generic/pgf/math/pgfmathfuncti
ons.code.tex)
(e:/softwear/Texlive/texlive/2024/texmf-dist/tex/generic/pgf/math/pgfmathfuncti
ons.basic.code.tex)
(e:/softwear/Texlive/texlive/2024/texmf-dist/tex/generic/pgf/math/pgfmathfuncti
ons.trigonometric.code.tex)
(e:/softwear/Texlive/texlive/2024/texmf-dist/tex/generic/pgf/math/pgfmathfuncti
ons.random.code.tex)
(e:/softwear/Texlive/texlive/2024/texmf-dist/tex/generic/pgf/math/pgfmathfuncti
ons.comparison.code.tex)
(e:/softwear/Texlive/texlive/2024/texmf-dist/tex/generic/pgf/math/pgfmathfuncti
ons.base.code.tex)
(e:/softwear/Texlive/texlive/2024/texmf-dist/tex/generic/pgf/math/pgfmathfuncti
ons.round.code.tex)
(e:/softwear/Texlive/texlive/2024/texmf-dist/tex/generic/pgf/math/pgfmathfuncti
ons.misc.code.tex)
(e:/softwear/Texlive/texlive/2024/texmf-dist/tex/generic/pgf/math/pgfmathfuncti
ons.integerarithmetics.code.tex)
(e:/softwear/Texlive/texlive/2024/texmf-dist/tex/generic/pgf/math/pgfmathcalc.c
ode.tex)
(e:/softwear/Texlive/texlive/2024/texmf-dist/tex/generic/pgf/math/pgfmathfloat.
code.tex))
(e:/softwear/Texlive/texlive/2024/texmf-dist/tex/generic/pgf/math/pgfint.code.t
ex)
(e:/softwear/Texlive/texlive/2024/texmf-dist/tex/generic/pgf/basiclayer/pgfcore
points.code.tex)
(e:/softwear/Texlive/texlive/2024/texmf-dist/tex/generic/pgf/basiclayer/pgfcore
pathconstruct.code.tex)
(e:/softwear/Texlive/texlive/2024/texmf-dist/tex/generic/pgf/basiclayer/pgfcore
pathusage.code.tex)
(e:/softwear/Texlive/texlive/2024/texmf-dist/tex/generic/pgf/basiclayer/pgfcore
scopes.code.tex)
(e:/softwear/Texlive/texlive/2024/texmf-dist/tex/generic/pgf/basiclayer/pgfcore
graphicstate.code.tex)
(e:/softwear/Texlive/texlive/2024/texmf-dist/tex/generic/pgf/basiclayer/pgfcore
transformations.code.tex)
(e:/softwear/Texlive/texlive/2024/texmf-dist/tex/generic/pgf/basiclayer/pgfcore
quick.code.tex)
(e:/softwear/Texlive/texlive/2024/texmf-dist/tex/generic/pgf/basiclayer/pgfcore
objects.code.tex)
(e:/softwear/Texlive/texlive/2024/texmf-dist/tex/generic/pgf/basiclayer/pgfcore
pathprocessing.code.tex)
(e:/softwear/Texlive/texlive/2024/texmf-dist/tex/generic/pgf/basiclayer/pgfcore
arrows.code.tex)
(e:/softwear/Texlive/texlive/2024/texmf-dist/tex/generic/pgf/basiclayer/pgfcore
shade.code.tex)
(e:/softwear/Texlive/texlive/2024/texmf-dist/tex/generic/pgf/basiclayer/pgfcore
image.code.tex)
(e:/softwear/Texlive/texlive/2024/texmf-dist/tex/generic/pgf/basiclayer/pgfcore
external.code.tex)
(e:/softwear/Texlive/texlive/2024/texmf-dist/tex/generic/pgf/basiclayer/pgfcore
layers.code.tex)
(e:/softwear/Texlive/texlive/2024/texmf-dist/tex/generic/pgf/basiclayer/pgfcore
transparency.code.tex)
(e:/softwear/Texlive/texlive/2024/texmf-dist/tex/generic/pgf/basiclayer/pgfcore
patterns.code.tex)
(e:/softwear/Texlive/texlive/2024/texmf-dist/tex/generic/pgf/basiclayer/pgfcore
rdf.code.tex)))
(e:/softwear/Texlive/texlive/2024/texmf-dist/tex/generic/pgf/modules/pgfmodules
hapes.code.tex)
(e:/softwear/Texlive/texlive/2024/texmf-dist/tex/generic/pgf/modules/pgfmodulep
lot.code.tex)
(e:/softwear/Texlive/texlive/2024/texmf-dist/tex/latex/pgf/compatibility/pgfcom
p-version-0-65.sty)
(e:/softwear/Texlive/texlive/2024/texmf-dist/tex/latex/pgf/compatibility/pgfcom
p-version-1-18.sty))
(e:/softwear/Texlive/texlive/2024/texmf-dist/tex/latex/tools/verbatim.sty)
(e:/softwear/Texlive/texlive/2024/texmf-dist/tex/latex/environ/environ.sty
(e:/softwear/Texlive/texlive/2024/texmf-dist/tex/latex/trimspaces/trimspaces.st
y)))
(e:/softwear/Texlive/texlive/2024/texmf-dist/tex/latex/listings/listings.sty
(e:/softwear/Texlive/texlive/2024/texmf-dist/tex/latex/listings/lstpatch.sty)
(e:/softwear/Texlive/texlive/2024/texmf-dist/tex/latex/listings/lstmisc.sty)
(e:/softwear/Texlive/texlive/2024/texmf-dist/tex/latex/listings/listings.cfg))
(e:/softwear/Texlive/texlive/2024/texmf-dist/tex/xelatex/xecjk/xeCJK-listings.s
ty)
(e:/softwear/Texlive/texlive/2024/texmf-dist/tex/latex/appendix/appendix.sty))

LaTeX Warning: Unused global option(s):
    [AutoFakeBold].

(./review.aux)
*geometry* driver: auto-detecting
*geometry* detected driver: xetex
(e:/softwear/Texlive/texlive/2024/texmf-dist/tex/latex/caption/ltcaption.sty)
(./content/info.tex) (./content/title_page.tex
(e:/softwear/Texlive/texlive/2024/texmf-dist/tex/latex/amsfonts/umsa.fd)
(e:/softwear/Texlive/texlive/2024/texmf-dist/tex/latex/amsfonts/umsb.fd)
(e:/softwear/Texlive/texlive/2024/texmf-dist/tex/latex/jknapltx/ursfs.fd)
Overfull \hbox (0.92554pt too wide) in paragraph at lines 3--3
 [][] 
[1]) (./content/toc.tex (./review.toc) [1]) (./content/abstract.tex)
(./content/related_work.tex

Package natbib Warning: Citation `nooralishahi2021drones' on page 1 undefined o
n input line 4.


Package natbib Warning: Citation `safie2025trip' on page 1 undefined on input l
ine 4.


Package natbib Warning: Citation `nooralishahi2022access' on page 1 undefined o
n input line 4.

[1]

Package natbib Warning: Citation `jarraya2025gnssdenied' on page 2 undefined on
 input line 10.


Package natbib Warning: Citation `boiteau2024uavlowvisibility' on page 2 undefi
ned on input line 10.


Package natbib Warning: Citation `zhao2024uavresilient' on page 2 undefined on 
input line 12.


Package natbib Warning: Citation `zhao2025resilient' on page 2 undefined on inp
ut line 12.

[2]

Package natbib Warning: Citation `nooralishahi2021drones' on page 3 undefined o
n input line 22.


Package natbib Warning: Citation `safie2025trip' on page 3 undefined on input l
ine 22.


Package natbib Warning: Citation `alradi2023iecon' on page 3 undefined on input
 line 22.


Package natbib Warning: Citation `oliveira2023pvairt' on page 3 undefined on in
put line 24.


Package natbib Warning: Citation `zefri2023pvlwir' on page 3 undefined on input
 line 24.

[3]

Package natbib Warning: Citation `yu2021rcar' on page 4 undefined on input line
 26.


Package natbib Warning: Citation `alsayed2021rs' on page 4 undefined on input l
ine 26.


Package natbib Warning: Citation `boiteau2024uavlowvisibility' on page 4 undefi
ned on input line 28.


Package natbib Warning: Citation `nooralishahi2021drones' on page 4 undefined o
n input line 30.

[4]

Package natbib Warning: Citation `jarraya2025gnssdenied' on page 5 undefined on
 input line 38.


Package natbib Warning: Citation `zhao2024uavresilient' on page 5 undefined on 
input line 38.

[5]

Package natbib Warning: Citation `shan2020liosam' on page 6 undefined on input 
line 44.


Package natbib Warning: Citation `wu2025dalislam' on page 6 undefined on input 
line 44.


Package natbib Warning: Citation `kim2024adaptiveuavlio' on page 6 undefined on
 input line 44.


Package natbib Warning: Citation `lin2022r3live' on page 6 undefined on input l
ine 46.


Package natbib Warning: Citation `zheng2025fastlivo2' on page 6 undefined on in
put line 46.


Package natbib Warning: Citation `pfreundschuh2024coinlio' on page 6 undefined 
on input line 46.


Package natbib Warning: Citation `zhang2024lviofusion' on page 6 undefined on i
nput line 46.


Package natbib Warning: Citation `wang2024dynamicsurvey' on page 6 undefined on
 input line 48.

[6]

Package natbib Warning: Citation `bolourian2020lidarbridge' on page 7 undefined
 on input line 50.


Package natbib Warning: Citation `xu2023tunnelinspection' on page 7 undefined o
n input line 50.

[7] [8]

Package natbib Warning: Citation `oliveira2023pvairt' on page 9 undefined on in
put line 66.


Package natbib Warning: Citation `zefri2023pvlwir' on page 9 undefined on input
 line 66.


Package natbib Warning: Citation `li2024multispectraldefect' on page 9 undefine
d on input line 66.


Package natbib Warning: Citation `zhao2025resilient' on page 9 undefined on inp
ut line 70.


Package natbib Warning: Citation `jarraya2025gnssdenied' on page 9 undefined on
 input line 70.

[9]

Package natbib Warning: Citation `hua2025aerialsmall' on page 10 undefined on i
nput line 80.


Package natbib Warning: Citation `zhang2025lowaltitudeuav' on page 10 undefined
 on input line 80.


Package natbib Warning: Citation `zhu2021visdrone' on page 10 undefined on inpu
t line 80.


Package natbib Warning: Citation `shukla2025iadsurvey' on page 10 undefined on 
input line 82.


Package natbib Warning: Citation `li2025iadreview' on page 10 undefined on inpu
t line 82.

[10]

Package natbib Warning: Citation `tan2024sccmdet' on page 11 undefined on input
 line 88.


Package natbib Warning: Citation `yi2025uavtransmission' on page 11 undefined o
n input line 88.

[11]

Package natbib Warning: Citation `xiao2024bridgeroicrack' on page 12 undefined 
on input line 96.


Package natbib Warning: Citation `wang2024steelcorrosion' on page 12 undefined 
on input line 96.


Package natbib Warning: Citation `maboudi2025bridgedeformation' on page 12 unde
fined on input line 96.


Package natbib Warning: Citation `hang2024wtbcrack' on page 12 undefined on inp
ut line 96.


Package natbib Warning: Citation `santos2024uvthermopl' on page 12 undefined on
 input line 100.


Package natbib Warning: Citation `liu2025infraredcsee' on page 12 undefined on 
input line 100.


Package natbib Warning: Citation `ertunc2024thermalfault' on page 12 undefined 
on input line 100.


Package natbib Warning: Citation `li2024multispectraldefect' on page 12 undefin
ed on input line 100.

[12]

Package natbib Warning: Citation `li2025iadreview' on page 13 undefined on inpu
t line 106.


Package natbib Warning: Citation `shukla2025iadsurvey' on page 13 undefined on 
input line 106.

[13]

Package natbib Warning: Citation `Wang2024RealIAD' on page 14 undefined on inpu
t line 114.


Package natbib Warning: Citation `liu2023simplenet' on page 14 undefined on inp
ut line 116.


Package natbib Warning: Citation `coscia2025onen' on page 14 undefined on input
 line 116.


Package natbib Warning: Citation `zhu2024inctrl' on page 14 undefined on input 
line 118.


Package natbib Warning: Citation `li2024musc' on page 14 undefined on input lin
e 118.

[14]

Package natbib Warning: Citation `zhou2024anomalyclip' on page 15 undefined on 
input line 120.


Package natbib Warning: Citation `ma2025aaclip' on page 15 undefined on input l
ine 120.


Package natbib Warning: Citation `li2025mulsenad' on page 15 undefined on input
 line 122.


Package natbib Warning: Citation `shukla2025iadsurvey' on page 15 undefined on 
input line 124.

[15]

Package natbib Warning: Citation `zhang2026continualad' on page 16 undefined on
 input line 128.


Package natbib Warning: Citation `zhu2024inctrl' on page 16 undefined on input 
line 128.


Package natbib Warning: Citation `mao2023powerinspection' on page 16 undefined 
on input line 134.


Package natbib Warning: Citation `bolourian2020lidarbridge' on page 16 undefine
d on input line 134.


Package natbib Warning: Citation `zhao2024structuralinspection' on page 16 unde
fined on input line 134.


Package natbib Warning: Citation `wang2025uavsurface' on page 16 undefined on i
nput line 134.


Package natbib Warning: Citation `wang2025uavsurface' on page 16 undefined on i
nput line 134.


Package natbib Warning: Citation `jung2024bridgepose' on page 16 undefined on i
nput line 134.


Package natbib Warning: Citation `gazani2023bagofviews' on page 16 undefined on
 input line 134.


Package natbib Warning: Citation `bolourian2020lidarbridge' on page 16 undefine
d on input line 134.


Package natbib Warning: Citation `ivic2023multiuavinspection' on page 16 undefi
ned on input line 134.


Package natbib Warning: Citation `gilcastilla2024hetero' on page 16 undefined o
n input line 134.


Package natbib Warning: Citation `jeong2023makespan' on page 16 undefined on in
put line 134.


Package natbib Warning: Citation `obrien2023dynamictask' on page 16 undefined o
n input line 134.

[16]

Package natbib Warning: Citation `zhao2024structuralinspection' on page 17 unde
fined on input line 138.


Package natbib Warning: Citation `wang2025uavsurface' on page 17 undefined on i
nput line 140.


Package natbib Warning: Citation `jung2024bridgepose' on page 17 undefined on i
nput line 140.


Package natbib Warning: Citation `gazani2023bagofviews' on page 17 undefined on
 input line 140.


Package natbib Warning: Citation `bolourian2020lidarbridge' on page 17 undefine
d on input line 140.


Package natbib Warning: Citation `ortega2020aiaa' on page 17 undefined on input
 line 142.


Package natbib Warning: Citation `gazani2023bagofviews' on page 17 undefined on
 input line 144.


Package natbib Warning: Citation `ruckin2022adaptiveipp' on page 17 undefined o
n input line 144.

[17]

Package natbib Warning: Citation `petit2024moar' on page 18 undefined on input 
line 148.


Package natbib Warning: Citation `ruckin2022adaptiveipp' on page 18 undefined o
n input line 148.


Package natbib Warning: Citation `westheider2023multiipp' on page 18 undefined 
on input line 150.


Package natbib Warning: Citation `ruckin2022adaptiveipp' on page 18 undefined o
n input line 150.


Package natbib Warning: Citation `ivic2023multiuavinspection' on page 18 undefi
ned on input line 156.


Package natbib Warning: Citation `gilcastilla2024hetero' on page 18 undefined o
n input line 156.


Package natbib Warning: Citation `jeong2023makespan' on page 18 undefined on in
put line 156.


Package natbib Warning: Citation `obrien2023dynamictask' on page 18 undefined o
n input line 156.

[18]

Package natbib Warning: Citation `obrien2023dynamictask' on page 19 undefined o
n input line 162.


Package natbib Warning: Citation `fei2022limitedcomm' on page 19 undefined on i
nput line 162.


Package natbib Warning: Citation `Song2023MultiUAVMission' on page 19 undefined
 on input line 162.


Package natbib Warning: Citation `jacobsen2023swarm' on page 19 undefined on in
put line 164.


Package natbib Warning: Citation `gilcastilla2024hetero' on page 19 undefined o
n input line 164.


Package natbib Warning: Citation `jeong2023makespan' on page 19 undefined on in
put line 164.


Package natbib Warning: Citation `ivic2023multiuavinspection' on page 19 undefi
ned on input line 166.

[19]

Package natbib Warning: Citation `fei2022limitedcomm' on page 20 undefined on i
nput line 168.


Package natbib Warning: Citation `pan2024uhcrp' on page 20 undefined on input l
ine 168.


Package natbib Warning: Citation `westheider2023multiipp' on page 20 undefined 
on input line 170.


Package natbib Warning: Citation `kulkarni2022teamed' on page 20 undefined on i
nput line 170.

[20] [21] [22]) (./content/reference.tex [23] (./review.bbl [24] [25] [26]
[27] [28] [29] [30] [31] [32] [33] [34] [35] [36] [37] [38]))

Package natbib Warning: There were undefined citations.

[39] (./review.aux

Package natbib Warning: Citation(s) may have changed.
(natbib)                Rerun to get citations correct.

) )
(see the transcript file for additional information)
Output written on review.pdf (41 pages).
Transcript written on review.log.
