\BOOKMARK [1][-]{section.1}{\376\377\137\025\212\000}{}% 1
\BOOKMARK [2][-]{subsection.1.1}{\376\377\170\024\172\166\200\314\146\157}{section.1}% 2
\BOOKMARK [2][-]{subsection.1.2}{\376\377\133\236\232\214\174\373\176\337\151\202\217\360}{section.1}% 3
\BOOKMARK [2][-]{subsection.1.3}{\376\377\134\017\176\304\142\020\124\130\116\016\116\373\122\241\122\006\221\115}{section.1}% 4
\BOOKMARK [1][-]{section.2}{\376\377\116\044\217\336\147\106\147\324\140\047\121\163\202\202\147\072\150\260\201\302\122\250\122\233\133\146\136\372\152\041}{}% 5
\BOOKMARK [2][-]{subsection.2.1}{\376\377\122\250\200\375\116\016\122\277\200\375\213\241\173\227}{section.2}% 6
\BOOKMARK [2][-]{subsection.2.2}{\376\377\122\250\122\233\133\146\145\271\172\013\143\250\133\374}{section.2}% 7
\BOOKMARK [1][-]{section.3}{\376\377\174\373\176\337\123\302\145\160\217\250\213\306}{}% 8
\BOOKMARK [2][-]{subsection.3.1}{\376\377\121\340\117\125\123\302\145\160\155\113\221\317}{section.3}% 9
\BOOKMARK [2][-]{subsection.3.2}{\376\377\215\050\221\317\116\016\217\154\122\250\140\357\221\317\123\302\145\160\217\250\213\306}{section.3}% 10
\BOOKMARK [2][-]{subsection.3.3}{\376\377\147\324\140\047\121\163\202\202\123\302\145\160\217\250\213\306}{section.3}% 11
\BOOKMARK [1][-]{section.4}{\376\377\116\377\167\037\136\163\123\360\144\055\136\372\116\016\143\247\122\066\126\150\213\276\213\241}{}% 12
\BOOKMARK [2][-]{subsection.4.1}{\376\377\116\377\167\037\136\163\123\360\145\164\117\123\176\323\147\204}{section.4}% 13
\BOOKMARK [2][-]{subsection.4.2}{\376\377\147\324\140\047\121\163\202\202\122\250\122\233\133\146\152\041\127\213\144\055\136\372}{section.4}% 14
\BOOKMARK [2][-]{subsection.4.3}{\376\377\143\247\122\066\126\150\213\276\213\241\116\016\172\063\133\232\140\047\122\006\147\220}{section.4}% 15
\BOOKMARK [3][-]{subsubsection.4.3.1}{\376\377\143\247\122\066\126\150\213\276\213\241}{subsection.4.3}% 16
\BOOKMARK [3][-]{subsubsection.4.3.2}{\376\377\172\063\133\232\140\047\122\006\147\220}{subsection.4.3}% 17
\BOOKMARK [2][-]{subsection.4.4}{\376\377\116\377\167\037\176\323\147\234\122\006\147\220}{section.4}% 18
\BOOKMARK [3][-]{subsubsection.4.4.1}{\376\377\121\163\202\202\117\115\177\156\215\337\216\052\140\047\200\375}{subsection.4.4}% 19
\BOOKMARK [3][-]{subsubsection.4.4.2}{\376\377\147\324\140\047\121\163\202\202\143\057\122\250\124\315\136\224}{subsection.4.4}% 20
\BOOKMARK [3][-]{subsubsection.4.4.3}{\376\377\143\247\122\066\217\223\121\145\122\006\147\220}{subsection.4.4}% 21
\BOOKMARK [2][-]{subsection.4.5}{\376\377\147\054\172\340\134\017\176\323}{section.4}% 22
\BOOKMARK [1][-]{section.5}{\376\377\176\323\213\272\116\016\134\125\147\033}{}% 23
